running ./file_scan -i -n 55
processing configuration options ...
Starting SSM and performing recovery ...
NUM RECORDS 1000
Formatting device: ./volumes/dev1 with a 60000KB quota ...
devid_t::devid_t(./volumes/dev1): open:
1. error in sdisk_unix.cpp:199 Operating system error  [0x10001] --- No such file or directory
	additional information: Offending file: ./volumes/dev1


Mounting device: ./volumes/dev1
Mounted device: ./volumes/dev1 volume count 0 device 64768.56754188
Generating new lvid: 
Generated lvid 192.168.0.5:1269536263
Creating a new volume on the device
    with a 60000KB quota ...
    with local handle(phys volid) 1
Created 1
Creating a file with 1000 records of size 10000
205 Creating assoc SCANFILE --> key SCANFILE fid s(1.3) first_rid r(1.3.24.1) num_rec 1000 rec_size 10000
110 found assoc SCANFILE --> key SCANFILE fid s(1.3) first_rid r(1.3.24.1) num_rec 1000 rec_size 10000
            bf_one_page_write 1371
            bf_two_page_write 4
          bf_three_page_write 4
           bf_four_page_write 1
           bf_five_page_write 3
            bf_six_page_write 5
          bf_seven_page_write 2
          bf_eight_page_write 71
           bf_more_page_write 0
            bf_cleaner_sweeps 12
         bf_cleaner_signalled 1475
        bf_dirty_page_evicted 0
        bf_dirty_page_latched 0
        bf_dirty_page_changed 1
        bf_dirty_page_cleaned 0
          bf_cleaned_tmp_page 0
          bf_cleaned_reg_page 1037
        bf_cleaned_other_page 12
              bf_diffed_pages 0
             bf_fixed_rec_lsn 8
                   bf_backoff 102
                 bf_kick_full 1
          bf_kick_replacement 964
           bf_kick_threshhold 507
    bf_sweep_page_hot_skipped 0
             bf_discarded_hot 0
             bf_log_flush_all 13
             bf_log_flush_lsn 1461
                 bf_write_out 1058
         bf_sleep_await_clean 1
               bf_fg_scan_cnt 4
        bf_core_unpin_cleaned 2013
             bf_unfix_cleaned 965
                  bf_look_cnt 21538
                   bf_hit_cnt 16565
         bf_grab_latch_failed 0
               bf_replace_out 964
            bf_replaced_dirty 964
            bf_replaced_clean 1336
         bf_no_transit_bucket 0
         bf_prefetch_requests 0
                bf_prefetches 0
        bf_upgrade_latch_race 0
                    vol_reads 854
                   vol_writes 2922
             vol_blks_written 4044
               vol_alloc_exts 253
                vol_free_exts 0
         io_m_linear_searches 0
   io_m_linear_search_extents 0
             vol_cache_primes 4
             vol_cache_clears 2
       vol_last_extent_search 0
   vol_last_page_cache_update 4
     vol_last_page_cache_find 1003
 vol_last_page_cache_find_hit 1003
   vol_histo_ext_cache_update 257
     vol_histo_ext_cache_find 257
 vol_histo_ext_cache_find_hit 4
        vol_resv_cache_insert 253
         vol_resv_cache_erase 0
           vol_resv_cache_hit 3
          vol_resv_cache_fail 0
             log_dup_sync_cnt 1054
                 log_sync_cnt 392
                log_fsync_cnt 496
                log_chkpt_cnt 2
               log_chkpt_wake 1
                  log_fetches 4
                  log_inserts 8334
          log_bytes_generated 10577168
            lock_deadlock_cnt 0
      lock_false_deadlock_cnt 0
            lock_dld_call_cnt 0
      lock_dld_first_call_cnt 0
    lock_dld_false_victim_cnt 0
     lock_dld_victim_self_cnt 0
    lock_dld_victim_other_cnt 0
       nonunique_fingerprints 0
          unique_fingerprints 1
                  rec_pin_cnt 0
                rec_unpin_cnt 0
                rec_repin_cvt 0
             fm_pagecache_hit 993
              fm_page_nolatch 0
                fm_page_moved 0
              fm_page_invalid 0
               fm_page_nolock 0
         fm_alloc_page_reject 0
                 fm_page_full 7
         fm_error_not_handled 0
                        fm_ok 1000
             fm_histogram_hit 0
              fm_search_pages 0
             fm_search_failed 0
                fm_search_hit 0
            fm_lastpid_cached 7
               fm_lastpid_hit 0
                  fm_alloc_pg 7
                 fm_ext_touch 111
             fm_ext_touch_nop 0
                   fm_nospace 0
                     fm_cache 1000
                   fm_compact 0
                    fm_append 0
                fm_appendonly 7
                  bt_find_cnt 7
                bt_insert_cnt 4
                bt_remove_cnt 0
              bt_traverse_cnt 11
      bt_partial_traverse_cnt 0
      bt_restart_traverse_cnt 0
                      bt_posc 0
                  bt_scan_cnt 3
                    bt_splits 0
                      bt_cuts 0
                     bt_grows 0
                   bt_shrinks 0
                     bt_links 0
        bt_upgrade_fail_retry 0
          bt_clr_smo_traverse 0
                 bt_pcompress 0
                     bt_plmax 0
              sort_keycmp_cnt 0
             sort_lexindx_cnt 0
             sort_getinfo_cnt 0
                 sort_mof_cnt 0
                sort_umof_cnt 0
              sort_memcpy_cnt 0
            sort_memcpy_bytes 0
              sort_keycpy_cnt 0
                 sort_mallocs 0
            sort_malloc_bytes 0
            sort_malloc_hiwat 0
              sort_malloc_max 0
             sort_malloc_curr 0
             sort_tmpfile_cnt 0
           sort_tmpfile_bytes 0
              sort_duplicates 0
              sort_page_fixes 0
            sort_page_fixes_2 0
           sort_lg_page_fixes 0
                sort_rec_pins 0
           sort_files_created 0
            sort_recs_created 0
               sort_rec_bytes 0
                    sort_runs 0
                sort_run_size 0
                  sort_phases 0
                  sort_ntapes 0
                 page_fix_cnt 16757
               page_refix_cnt 8309
               page_unfix_cnt 25066
               page_alloc_cnt 2010
             page_dealloc_cnt 0
              ext_lookup_hits 0
            ext_lookup_misses 0
            alloc_page_in_ext 1259
               extent_lsearch 0
                begin_xct_cnt 5
               commit_xct_cnt 5
                abort_xct_cnt 0
              prepare_xct_cnt 0
          rollback_savept_cnt 0
               mpl_attach_cnt 0
                      anchors 4040
            compensate_in_log 12
            compensate_in_xct 0
           compensate_records 0
           compensate_skipped 0
                 log_switches 2746
            await_1thread_log 0
          acquire_1thread_log 16082
                   get_logbuf 8320
            await_1thread_xct 0
            await_vol_monitor 0
              need_vol_lock_r 3009
              need_vol_lock_w 1014
             await_vol_lock_r 0
             await_vol_lock_w 0
         await_vol_lock_r_pct 0
         await_vol_lock_w_pct 0
                   s_prepared 0
               lock_query_cnt 2215
           unlock_request_cnt 7
             lock_request_cnt 6545
             lock_acquire_cnt 3755
              lock_head_t_cnt 2316
           lock_await_alt_cnt 0
      lock_extraneous_req_cnt 1431
          lock_conversion_cnt 8
           lock_cache_hit_cnt 5029
           lock_request_t_cnt 2316
             lock_esc_to_page 8
            lock_esc_to_store 0
           lock_esc_to_volume 0
                   lk_vol_acq 4
                 lk_store_acq 6
                  lk_page_acq 2190
                   lk_kvl_acq 3
                   lk_rec_acq 40
                   lk_ext_acq 1512
                 lk_user1_acq 0
                 lk_user2_acq 0
                 lk_user3_acq 0
                 lk_user4_acq 0


Shutting down SSM ...
Finished!
